.\venv\bin\python.exe : 
Traceback (most recent call 
last):
At line:1 char:1
+ .\venv\bin\python.exe 
test_system.py > 
test_log.txt 2>&1
+ ~~~~~~~~~~~~~~~~~~~~~~~~~~
~~~~~~~~~~~~~~~~~~~~~~~~~~~~
~~
    + CategoryInfo          
    : NotSpecified: (Trace  
  back (most recent call    
 last)::String) [], Remo    
teException
    + FullyQualifiedErrorId 
    : NativeCommandError
 
  File "C:\Users\darak\OneDr
ive\Desktop\fake 
product\test_system.py", 
line 88, in <module>
    test_flow()
  File "C:\Users\darak\OneDr
ive\Desktop\fake 
product\test_system.py", 
line 8, in test_flow
    print("--- 
\U0001f6e1\ufe0f 
SnackShield System Audit 
---")
  File "C:\msys64\ucrt64\lib
\python3.12\encodings\cp1252
.py", line 19, in encode
    return codecs.charmap_en
code(input,self.errors,encod
ing_table)[0]
           ^^^^^^^^^^^^^^^^^
^^^^^^^^^^^^^^^^^^^^^^^^^^^^
^^^^^^^^^^
UnicodeEncodeError: 
'charmap' codec can't 
encode characters in 
position 4-5: character 
maps to <undefined>
